// Jest Snapshot v1, https://goo.gl/fbAQLP

exports[`should questCategory correct snapshot 1`] = `
Object {
  "dailyQuest": Array [
    Object {
      "code": "Bd1",
      "gameId": 201,
      "name": "击破敌舰队！",
    },
    Object {
      "code": "Bd3",
      "gameId": 210,
      "name": "击破 10 回敌舰队！",
    },
    Object {
      "code": "Bd4",
      "gameId": 211,
      "name": "击沉三艘敌空母！",
    },
    Object {
      "code": "Bd6",
      "gameId": 212,
      "name": "打击敌方输送船团！",
    },
    Object {
      "code": "Bd2",
      "gameId": 216,
      "name": "击破敌舰队主力！",
    },
    Object {
      "code": "Bd5",
      "gameId": 218,
      "name": "击沉三艘敌方补给舰！",
    },
    Object {
      "code": "Bd7",
      "gameId": 226,
      "name": "掌握南西诸岛海域制海权！",
    },
    Object {
      "code": "Bd8",
      "gameId": 230,
      "name": "压制敌方潜水舰！",
    },
    Object {
      "code": "C2",
      "gameId": 303,
      "name": "「演习」锻炼能力！",
    },
    Object {
      "code": "C3",
      "gameId": 304,
      "name": "在「演习」战胜其他提督！",
    },
    Object {
      "code": "D2",
      "gameId": 402,
      "name": "「远征」3 次成功！",
    },
    Object {
      "code": "D3",
      "gameId": 403,
      "name": "「远征」10 次成功！",
    },
    Object {
      "code": "E3",
      "gameId": 503,
      "name": "舰队大整备！",
    },
    Object {
      "code": "E4",
      "gameId": 504,
      "name": "舰队酒保节！",
    },
    Object {
      "code": "F5",
      "gameId": 605,
      "name": "新装备「开发」指令",
    },
    Object {
      "code": "F6",
      "gameId": 606,
      "name": "新造舰「建造」指令",
    },
    Object {
      "code": "F7",
      "gameId": 607,
      "name": "装备「开发」集中強化！",
    },
    Object {
      "code": "F8",
      "gameId": 608,
      "name": "舰娘「建造」舰队强化！",
    },
    Object {
      "code": "F9",
      "gameId": 609,
      "name": "对应裁军条约！",
    },
    Object {
      "code": "F18",
      "gameId": 619,
      "name": "装备的改修强化",
    },
    Object {
      "code": "F65",
      "gameId": 673,
      "name": "装备开发力的整备",
    },
    Object {
      "code": "F66",
      "gameId": 674,
      "name": "工厂环境的整备",
    },
    Object {
      "code": "G2",
      "gameId": 702,
      "name": "实施舰船的「近代化改修」！",
    },
  ],
  "monthlyQuest": Array [
    Object {
      "code": "Bm1",
      "gameId": 249,
      "name": "「第五战队」出击！",
    },
    Object {
      "code": "Bm2",
      "gameId": 256,
      "name": "「潜水舰队」出击！",
    },
    Object {
      "code": "Bm3",
      "gameId": 257,
      "name": "「水雷战队」前往南西！",
    },
    Object {
      "code": "Bm4",
      "gameId": 259,
      "name": "「水上打击部队」前往南方！",
    },
    Object {
      "code": "Bm6",
      "gameId": 264,
      "name": "「空母机动部队」前往西方！",
    },
    Object {
      "code": "Bm5",
      "gameId": 265,
      "name": "海上护卫强化月",
    },
    Object {
      "code": "Bm7",
      "gameId": 266,
      "name": "「水上反击部队」突入！",
    },
    Object {
      "code": "Bm8",
      "gameId": 280,
      "name": "确保后勤线！强化实施海上警备！",
    },
    Object {
      "code": "C8",
      "gameId": 311,
      "name": "精锐舰队演习",
    },
    Object {
      "code": "F25",
      "gameId": 628,
      "name": "机种转换",
    },
    Object {
      "code": "F41",
      "gameId": 645,
      "name": "“洋上补给” 物资的调拨",
    },
  ],
  "quarterlyQuest": Array [
    Object {
      "code": "Bq11",
      "gameId": 284,
      "name": "南西诸岛方面 “海上警备行动” 发令！",
    },
    Object {
      "code": "C38",
      "gameId": 337,
      "name": "「十八驱」演习！",
    },
    Object {
      "code": "C42",
      "gameId": 339,
      "name": "「十九驱」演习！",
    },
    Object {
      "code": "C44",
      "gameId": 342,
      "name": "小舰艇群演习强化任务",
    },
    Object {
      "code": "D24",
      "gameId": 426,
      "name": "强化海上通商航路警戒！",
    },
    Object {
      "code": "F35",
      "gameId": 637,
      "name": "「熟练搭乘员」养成",
    },
    Object {
      "code": "F39",
      "gameId": 643,
      "name": "主力 “陆攻” 的采购",
    },
    Object {
      "code": "F90",
      "gameId": 653,
      "name": "工厂运转！为下期作战做准备！",
    },
    Object {
      "code": "F55",
      "gameId": 663,
      "name": "继续研究新型舾装",
    },
    Object {
      "code": "F67",
      "gameId": 675,
      "name": "运用装备的综合整备",
    },
    Object {
      "code": "F70",
      "gameId": 678,
      "name": "主力舰上战斗机的更新",
    },
    Object {
      "code": "F72",
      "gameId": 680,
      "name": "对空兵装的整备扩充",
    },
    Object {
      "code": "F79",
      "gameId": 688,
      "name": "强化航空战力",
    },
    Object {
      "code": "Bq1",
      "gameId": 822,
      "name": "冲之岛海域迎击战！",
    },
    Object {
      "code": "Bq12",
      "gameId": 845,
      "name": "发令！「西方海域作战」",
    },
    Object {
      "code": "Bq2",
      "gameId": 854,
      "name": "战果扩张任务！「Z 作战」前段作战",
    },
    Object {
      "code": "Bq3",
      "gameId": 861,
      "name": "强行运输舰队，拔锚！",
    },
    Object {
      "code": "Bq4",
      "gameId": 862,
      "name": "实施前线航空侦察！",
    },
    Object {
      "code": "Bq10",
      "gameId": 872,
      "name": "战果扩张任务！“Z 作战” 后段作战",
    },
    Object {
      "code": "Bq5",
      "gameId": 873,
      "name": "实施北方海域警备吧！",
    },
    Object {
      "code": "Bq6",
      "gameId": 875,
      "name": "精锐「三一驱」，突入铁底海域！",
    },
    Object {
      "code": "Bq7",
      "gameId": 888,
      "name": "新编成「三川舰队」，突入铁底海峡！",
    },
    Object {
      "code": "Bq8",
      "gameId": 893,
      "name": "彻底确保泊地周边海域的安全！",
    },
    Object {
      "code": "Bq9",
      "gameId": 894,
      "name": "投入空母战力进行补给线的战斗警戒",
    },
    Object {
      "code": "Bq13",
      "gameId": 903,
      "name": "扩张「六水战」，向最前线！",
    },
  ],
  "singleQuest": Any<Array>,
  "weeklyQuest": Array [
    Object {
      "code": "Bw3",
      "gameId": 213,
      "name": "海上通商破坏作战",
    },
    Object {
      "code": "Bw1",
      "gameId": 214,
      "name": "あ号作战",
    },
    Object {
      "code": "Bw2",
      "gameId": 220,
      "name": "い号作战",
    },
    Object {
      "code": "Bw4",
      "gameId": 221,
      "name": "ろ (Ro) 号作战",
    },
    Object {
      "code": "Bw5",
      "gameId": 228,
      "name": "海上护卫战",
    },
    Object {
      "code": "Bw6",
      "gameId": 229,
      "name": "消灭敌东方舰队！",
    },
    Object {
      "code": "Bw7",
      "gameId": 241,
      "name": "消灭敌北方舰队主力！",
    },
    Object {
      "code": "Bw8",
      "gameId": 242,
      "name": "击破敌东方中枢舰队！",
    },
    Object {
      "code": "Bw9",
      "gameId": 243,
      "name": "掌握南方海域珊瑚诸岛的制空权！",
    },
    Object {
      "code": "Bw10",
      "gameId": 261,
      "name": "努力确保海上输送的安全！",
    },
    Object {
      "code": "C4",
      "gameId": 302,
      "name": "大规模演习",
    },
    Object {
      "code": "D4",
      "gameId": 404,
      "name": "大规模远征作战、宣布！",
    },
    Object {
      "code": "D9",
      "gameId": 410,
      "name": "使向南方的输送作战成功！",
    },
    Object {
      "code": "D11",
      "gameId": 411,
      "name": "继续实施往南方的鼠輸送！",
    },
    Object {
      "code": "F12",
      "gameId": 613,
      "name": "资源的再利用",
    },
    Object {
      "code": "F34",
      "gameId": 638,
      "name": "对空机枪量产！",
    },
    Object {
      "code": "G3",
      "gameId": 703,
      "name": "推进「近代化改修」、整顿战备！",
    },
  ],
  "yearlyQuest": Array [
    Object {
      "code": "C49",
      "gameId": 345,
      "name": "演习的下午茶时间！",
    },
    Object {
      "code": "C50",
      "gameId": 346,
      "name": "精锐至极！主力中的主力，演习开始！",
    },
    Object {
      "code": "C53",
      "gameId": 348,
      "name": "「精锐轻巡」演习！",
    },
    Object {
      "code": "C55",
      "gameId": 350,
      "name": "精锐「第七驱逐队」演习开始！",
    },
    Object {
      "code": "C58",
      "gameId": 353,
      "name": "「巡洋舰战队」演习",
    },
    Object {
      "code": "C60",
      "gameId": 354,
      "name": "「改装特务空母」任务部队演习！",
    },
    Object {
      "code": "C62",
      "gameId": 355,
      "name": "精锐「第十五驱逐队」第一小队演习！",
    },
    Object {
      "code": "C66",
      "gameId": 357,
      "name": "「大和型战舰」第一舰队演习开始！",
    },
    Object {
      "code": "D32",
      "gameId": 434,
      "name": "特设护卫船团司令部，开始活动！",
    },
    Object {
      "code": "D33",
      "gameId": 436,
      "name": "实施练习航海与警备任务！",
    },
    Object {
      "code": "D34",
      "gameId": 437,
      "name": "实行小笠原近海警戒线强化！",
    },
    Object {
      "code": "D35",
      "gameId": 438,
      "name": "实行南西诸岛方面海上护卫强化！",
    },
    Object {
      "code": "D36",
      "gameId": 439,
      "name": "兵站強化远征任务【基本作战】",
    },
    Object {
      "code": "D37",
      "gameId": 440,
      "name": "兵站強化远征任务【扩张作战】",
    },
    Object {
      "code": "D38",
      "gameId": 442,
      "name": "实施西方联络作战准备！",
    },
    Object {
      "code": "D40",
      "gameId": 444,
      "name": "新兵装开发资材输送与船团护卫！",
    },
    Object {
      "code": "F93",
      "gameId": 654,
      "name": "编成精锐双翼机飞行队",
    },
    Object {
      "code": "F94",
      "gameId": 655,
      "name": "工厂完全运作！开发新兵装！",
    },
    Object {
      "code": "F92",
      "gameId": 657,
      "name": "新型兵装的开发整备的强化",
    },
    Object {
      "code": "F95",
      "gameId": 681,
      "name": "航空战力再编成与强化准备",
    },
    Object {
      "code": "G6",
      "gameId": 714,
      "name": "实施「驱逐舰」的改修工事！",
    },
    Object {
      "code": "G7",
      "gameId": 715,
      "name": "续：实施「驱逐舰」的改修工事",
    },
    Object {
      "code": "G8",
      "gameId": 716,
      "name": "实施「轻巡」级改修工事",
    },
    Object {
      "code": "G9",
      "gameId": 717,
      "name": "续：实施「轻巡」级改修工事",
    },
    Object {
      "code": "By1",
      "gameId": 904,
      "name": "精锐「十九驱」，闪亮出击！",
    },
    Object {
      "code": "By2",
      "gameId": 905,
      "name": "「海防舰」，防卫大海！",
    },
    Object {
      "code": "By3",
      "gameId": 912,
      "name": "工作舰「明石」护卫任务",
    },
    Object {
      "code": "By4",
      "gameId": 914,
      "name": "重巡战队，向西！",
    },
    Object {
      "code": "By5",
      "gameId": 928,
      "name": "历战「第十方面舰队」，全力出击！",
    },
    Object {
      "code": "By6",
      "gameId": 944,
      "name": "实施镇守府近海海域哨戒！",
    },
    Object {
      "code": "By7",
      "gameId": 945,
      "name": "保护南西方面的运输航路安全！",
    },
    Object {
      "code": "By8",
      "gameId": 946,
      "name": "空母机动部队，出击！迎击敌舰队！",
    },
    Object {
      "code": "By9",
      "gameId": 947,
      "name": "AL 作战",
    },
    Object {
      "code": "By10",
      "gameId": 948,
      "name": "机动部队决战",
    },
    Object {
      "code": "By11",
      "gameId": 973,
      "name": "日英美联合水上舰队，起航！",
    },
    Object {
      "code": "By12",
      "gameId": 975,
      "name": "精锐「第十九驱逐队」，全力出击！",
    },
    Object {
      "code": "F98",
      "gameId": 1103,
      "name": "量产潜水舰强化兵装",
    },
    Object {
      "code": "F99",
      "gameId": 1104,
      "name": "量产潜水舰电子兵装",
    },
    Object {
      "code": "F100",
      "gameId": 1105,
      "name": "夏日格纳库整备 & 航空基地整备",
    },
    Object {
      "code": "F102",
      "gameId": 1107,
      "name": "【钢材出口】增加陆基航空队的兵力吧！",
    },
    Object {
      "code": "F113",
      "gameId": 1120,
      "name": "【机种整理综合】新型战斗机的量产计划",
    },
    Object {
      "code": "F114",
      "gameId": 1123,
      "name": "增加改良三座水上偵察機",
    },
  ],
}
`;
